# Changelog

## [2026-08-30]
- Добавлены 23 новые заглушки
- Добавлена возможность выбрать заглушку при первоначальной настройке
- Добавлена возможность обновить заглушку при обновлении панели или сервера подписок
- Интерактивный предпросмотр выбранного сайта-заглушки прямо из браузера перед деплоем
- Автоматическая микро-рандомизация (Anti-Fingerprinting) в index.html заглушки для уникального SHA-256 хэша страницы

## [2026-08-29 #7]
- Интеграция Nginx Decoy сайта в Subscription Server: контейнер sub-nginx-decoy для защиты от активного пробинга ТСПУ/DPI
- Устранение детекта canned 301 редиректа Caddy на порту 80 саб-сервера (сброс CONNECT через abort @connect, проксирование неслужебных HTTP/HTTPS запросов в Nginx Decoy)

## [2026-08-29 #6]
- 24-часовая сессия для хранилища серверов (cookie): введенный мастер-пароль/PIN сохраняет состояние разблокировки между перезагрузками страницы
- Незаметные улучшения валидации конфига деплоя

## [2026-08-29 #5]
- Новый режим развертывания «Freedom + Sub Server» (freedom_sub)
- Возможность заполнять данные SSH сервера сохраенёнными серверами путём перетаскивания

## [2026-08-29 #4]
- Небольшой UI фикс

## [2026-08-29 #3]
- Кнопка проверки SSH-соединения («Тест») непосредственно из формы создания и редактирования сервера в менеджере паролей
- Исключение файла конфигурации маршрутизации happ-routing.json из отпечатка обновлений (локальные изменения не вызывают ложных баннеров обновления)

## [2026-08-29 #2]
- Конфигурация правил маршрутизации для клиентов Happ (happ-routing.json): DoH DNS, прямой доступ без VPN для .ru/.рф и РФ-сервисов, исключение IP-чекеров для защиты от детекта VPN (приложения типа MAX), GlobalProxy: true для проксирования всего остального трафика
- Интерактивный редактор happ-routing.json с валидацией, форматированием и подсказками в модальном окне на шаге настройки панели (Step 3)
- Включение Happ routing в панели с автоматическим обновлением подписки 1 час и правилами из happ-routing.json

## [2026-08-29]
- Полный отказ от внешней зависимости PyYAML в локальном сервере (main.py): встроенный pure-Python парсер и сериализатор YAML для setup_backup.yml
- Форматирование текстового списка клиентов по нодам с разделителем
- Проксирование HTTP-заголовков (Routing, Profile) и User-Agent от 3x-ui ноды к клиенту
- Редирект на HTTPS для сервера подписок

## [2026-08-27]
- Оптимизация параметров nginx map hash bucket и max size
